ACER@DESKTOP-QSUQHSJ MINGW64 /e/git (master)
$ git intit
git: 'intit' is not a git command. See 'git --help'.

The most similar command is
        init

ACER@DESKTOP-QSUQHSJ MINGW64 /e/git (master)
$ git init
Reinitialized existing Git repository in E:/git/.git/

ACER@DESKTOP-QSUQHSJ MINGW64 /e/git (master)
$ git status
On branch master
nothing to commit, working tree clean

ACER@DESKTOP-QSUQHSJ MINGW64 /e/git (master)
$ ssh-keygen -t rsa -b 4096 -C "c.lakade07@gmail.com"
Generating public/private rsa key pair.
Enter file in which to save the key (/c/Users/ACER/.ssh/id_rsa):
Created directory '/c/Users/ACER/.ssh'.
Enter passphrase for "/c/Users/ACER/.ssh/id_rsa" (empty for no passphrase):
Enter same passphrase again:
Your identification has been saved in /c/Users/ACER/.ssh/id_rsa
Your public key has been saved in /c/Users/ACER/.ssh/id_rsa.pub
The key fingerprint is:
SHA256:xsXbR5HKk9D9RfemOsDtWzbiFiMTU9Mb4WUd1SWfoHI c.lakade07@gmail.com
The key's randomart image is:
+---[RSA 4096]----+
|           . ++=&|
|         .. =.**B|
|         .oE +o==|
|       . o=+=..o.|
|        S +oo.o  |
|       .  oooo   |
|           o=o+  |
|           ..* . |
|           .o    |
+----[SHA256]-----+

ACER@DESKTOP-QSUQHSJ MINGW64 /e/git (master)
$ clip < ~/.ssh/id_rsa.pub

ACER@DESKTOP-QSUQHSJ MINGW64 /e/git (master)
$ git remote
origin

ACER@DESKTOP-QSUQHSJ MINGW64 /e/git (master)
$ ssh -T git@github.com
The authenticity of host
The authenticity of host 'github.com (20.207.73.82)' can't be established.
ED25519 key fingerprint is SHA256:+DiY3wvvV6TuJJhbpZisF/zLDA0zPMSvHdkr4UvCOqU.
This key is not known by any other names.
Are you sure you want to continue connecting (yes/no/[fingerprint])? yes
Warning: Permanently added 'github.com' (ED25519) to the list of known hosts.
Hi chinmaypradeeplakade! You've successfully authenticated, but GitHub does not provide shell access.
bash: The: command not found

ACER@DESKTOP-QSUQHSJ MINGW64 /e/git (master)
$ https://github.com/chinmaypradeeplakade/Myfirstproject.git
bash: https://github.com/chinmaypradeeplakade/Myfirstproject.git: No such file or directory

ACER@DESKTOP-QSUQHSJ MINGW64 /e/git (master)
$ git remote add origin https://github.com/chinmaypradeeplakade/Myfirstproject.git
error: remote origin already exists.

ACER@DESKTOP-QSUQHSJ MINGW64 /e/git (master)
$ git remote add origin git@github.com:chinmaypradeeplakade/Myfirstproject.git
error: remote origin already exists.

ACER@DESKTOP-QSUQHSJ MINGW64 /e/git (master)
$ git remote add publin^C

ACER@DESKTOP-QSUQHSJ MINGW64 /e/git (master)
$ git remote add publin git@github.com:chinmaypradeeplakade/Myfirstproject.git

ACER@DESKTOP-QSUQHSJ MINGW64 /e/git (master)
$ git push publin master
Enumerating objects: 8, done.
Counting objects: 100% (8/8), done.
Delta compression using up to 4 threads
Compressing objects: 100% (6/6), done.
Writing objects: 100% (8/8), 660 bytes | 47.00 KiB/s, done.
Total 8 (delta 1), reused 0 (delta 0), pack-reused 0 (from 0)
remote: Resolving deltas: 100% (1/1), done.
remote:
remote: Create a pull request for 'master' on GitHub by visiting:
remote:      https://github.com/chinmaypradeeplakade/Myfirstproject/pull/new/master
remote:
To github.com:chinmaypradeeplakade/Myfirstproject.git
 * [new branch]      master -> master

ACER@DESKTOP-QSUQHSJ MINGW64 /e/git (master)
$
